Cosmot API listening on http://localhost:5000
REGISTER ERROR: PrismaClientInitializationError: 
Invalid `prisma.user.findUnique()` invocation:


Can't reach database server at `ep-rough-rice-b2m3nael-pooler.c-6.eu-central-1.aws.neon.tech:5432`

Please make sure your database server is running at `ep-rough-rice-b2m3nael-pooler.c-6.eu-central-1.aws.neon.tech:5432`.
    at ei.handleRequestError (C:\projects\CodeAlpha_cosmot_app\server\node_modules\@prisma\client\runtime\library.js:121:7568)
    at ei.handleAndLogRequestError (C:\projects\CodeAlpha_cosmot_app\server\node_modules\@prisma\client\runtime\library.js:121:6593)
    at ei.request (C:\projects\CodeAlpha_cosmot_app\server\node_modules\@prisma\client\runtime\library.js:121:6300)
    at async a (C:\projects\CodeAlpha_cosmot_app\server\node_modules\@prisma\client\runtime\library.js:130:9551)
    at async file:///C:/projects/CodeAlpha_cosmot_app/server/dist/routes/auth.route.js:32:24 {
  clientVersion: '6.19.3',
  errorCode: undefined,
  retryable: undefined
}
